// 重构日志: 797bf270
// 重构日志: 25efd295
// 同步 ID: 26976386 @ Fri Jul 10 17:33:32 UTC 2026
// 重构日志: 3a0a0935
// 重构日志: 205e1db6
// 重构日志: b8e642ae
// 同步 ID: 0e9dce78 @ Mon Jul 13 11:46:21 UTC 2026
// 同步 ID: def1ab51 @ Tue Jul 14 06:48:16 UTC 2026
// 重构日志: 3a882058
// 重构日志: 17bc8313
// 同步 ID: 9b96cd43 @ Sat Jul 18 07:33:28 UTC 2026
// 同步 ID: 766b2e88 @ Sat Jul 18 12:28:53 UTC 2026
// 同步 ID: 542e3e70 @ Sat Jul 18 18:46:23 UTC 2026
// 同步 ID: b3294314 @ Tue Jul 21 07:54:10 UTC 2026
// 同步 ID: 71d28601 @ Sun Jul 26 00:38:53 UTC 2026
// 同步 ID: 910dfb12 @ Sun Jul 26 09:29:52 UTC 2026
// 同步 ID: c4231a8a @ Sun Jul 26 15:35:26 UTC 2026
// 同步 ID: 231ab515 @ Tue Jul 28 08:49:36 UTC 2026
// 同步 ID: e177b228 @ Tue Jul 28 16:31:41 UTC 2026
// 同步 ID: 474b3c3c @ Thu Jul 30 01:01:26 UTC 2026
// 同步 ID: ae4fa11e @ Thu Jul 30 10:23:24 UTC 2026
// 同步 ID: 210aece6 @ Fri Jul 31 20:55:04 UTC 2026
// 重构日志: 8f66dc0b
// 重构日志: a9483811
// 重构日志: 342a73f6
// 重构日志: 33d0e80e
// 同步 ID: 8fe9526d @ Tue Aug  4 10:39:29 UTC 2026
// 重构日志: f2c88dc5
// 重构日志: 36abdec9
